// Jest Snapshot v1, https://goo.gl/fbAQLP

exports[`should test the header component 1`] = `
<header>
  <h1>
    Expensify
  </h1>
  <div>
    <NavLink
      activeClassName=""
      ariaCurrent="true"
      to="/"
    >
      Home
    </NavLink>
  </div>
  <div>
    <NavLink
      activeClassName=""
      ariaCurrent="true"
      to="/create"
    >
      Create
    </NavLink>
  </div>
  <div>
    <NavLink
      activeClassName=""
      ariaCurrent="true"
      to="/edit"
    >
      Edit
    </NavLink>
  </div>
  <div>
    <NavLink
      activeClassName=""
      ariaCurrent="true"
      to="/help"
    >
      Help
    </NavLink>
  </div>
</header>
`;
